// Jest Snapshot v1, https://goo.gl/fbAQLP

exports[`componentTestHelpers testState 1`] = `
Object {
  "bar": "roo",
  "foo": "boo",
}
`;
